signup_channel                                                                                                                                                                                                                                                  total_users verified_users activated_users transacting_users conversion_rate
--------------------------------------------------------------------------------------------------------------------------------------------------------------------------------------------------------------------------------------------------------------- ----------- -------------- --------------- ----------------- ---------------------------------------
Instagram                                                                                                                                                                                                                                                       97          84             70              53                54.640000000000
Twitter                                                                                                                                                                                                                                                         102         89             73              55                53.920000000000
Website                                                                                                                                                                                                                                                         104         80             65              49                47.120000000000
Ad Campaign                                                                                                                                                                                                                                                     98          83             67              46                46.940000000000
Referral                                                                                                                                                                                                                                                        99          80             67              43                43.430000000000

(5 rows affected)


Completion time: 2025-10-27T15:42:37.3181920+01:00
