country                                                                                                                                                                                                                                                         total_users verified_users activated_users transacting_users conversion_rate
--------------------------------------------------------------------------------------------------------------------------------------------------------------------------------------------------------------------------------------------------------------- ----------- -------------- --------------- ----------------- ---------------------------------------
Ghana                                                                                                                                                                                                                                                           129         114            98              71                55.040000000000
Kenya                                                                                                                                                                                                                                                           106         88             79              55                51.890000000000
Nigeria                                                                                                                                                                                                                                                         147         118            93              70                47.620000000000
South Africa                                                                                                                                                                                                                                                    118         96             72              50                42.370000000000

(4 rows affected)


Completion time: 2025-10-27T15:48:27.9596222+01:00
